Name                           Stmts   Miss  Cover   Missing
------------------------------------------------------------
model.py                         129     10    92%   31, 50, 69, 114, 135, 157, 180, 309-311
server.py                        152     18    88%   86-91, 300-306, 312-318, 339-341, 383-391
tests.py                          94      0   100%
------------------------------------------------------------
TOTAL                            375     28    93%
